Archive member included to satisfy reference by file (symbol)

d:/programfiles/intelfpga_lite/21.1/nios2eds/bin/gnu/h-x86_64-mingw32/bin/../lib/gcc/nios2-elf/11.2.1/../../../../../H-x86_64-mingw32/nios2-elf/lib\libsmallc.a(lib_a-memcpy.o)
                              obj/default/main.o (memcpy)
d:/Docs/Universidade/LogicaReconfiguravel/LogicaReconfiguravel/Lab04/Proj_Quartus/USERHW_NIOS/software/hal_bsp/\libhal_bsp.a(alt_main.o)
                              d:/Docs/Universidade/LogicaReconfiguravel/LogicaReconfiguravel/Lab04/Proj_Quartus/USERHW_NIOS/software/hal_bsp//obj/HAL/src/crt0.o (alt_main)
d:/Docs/Universidade/LogicaReconfiguravel/LogicaReconfiguravel/Lab04/Proj_Quartus/USERHW_NIOS/software/hal_bsp/\libhal_bsp.a(alt_sys_init.o)
                              d:/Docs/Universidade/LogicaReconfiguravel/LogicaReconfiguravel/Lab04/Proj_Quartus/USERHW_NIOS/software/hal_bsp/\libhal_bsp.a(alt_main.o) (alt_irq_init)
d:/Docs/Universidade/LogicaReconfiguravel/LogicaReconfiguravel/Lab04/Proj_Quartus/USERHW_NIOS/software/hal_bsp/\libhal_bsp.a(alt_close.o)
                              d:/Docs/Universidade/LogicaReconfiguravel/LogicaReconfiguravel/Lab04/Proj_Quartus/USERHW_NIOS/software/hal_bsp/\libhal_bsp.a(alt_main.o) (close)
d:/Docs/Universidade/LogicaReconfiguravel/LogicaReconfiguravel/Lab04/Proj_Quartus/USERHW_NIOS/software/hal_bsp/\libhal_bsp.a(alt_dev.o)
                              d:/Docs/Universidade/LogicaReconfiguravel/LogicaReconfiguravel/Lab04/Proj_Quartus/USERHW_NIOS/software/hal_bsp/\libhal_bsp.a(alt_close.o) (alt_fd_list)
d:/Docs/Universidade/LogicaReconfiguravel/LogicaReconfiguravel/Lab04/Proj_Quartus/USERHW_NIOS/software/hal_bsp/\libhal_bsp.a(alt_do_ctors.o)
                              d:/Docs/Universidade/LogicaReconfiguravel/LogicaReconfiguravel/Lab04/Proj_Quartus/USERHW_NIOS/software/hal_bsp/\libhal_bsp.a(alt_main.o) (_do_ctors)
d:/Docs/Universidade/LogicaReconfiguravel/LogicaReconfiguravel/Lab04/Proj_Quartus/USERHW_NIOS/software/hal_bsp/\libhal_bsp.a(alt_do_dtors.o)
                              d:/Docs/Universidade/LogicaReconfiguravel/LogicaReconfiguravel/Lab04/Proj_Quartus/USERHW_NIOS/software/hal_bsp/\libhal_bsp.a(alt_main.o) (_do_dtors)
d:/Docs/Universidade/LogicaReconfiguravel/LogicaReconfiguravel/Lab04/Proj_Quartus/USERHW_NIOS/software/hal_bsp/\libhal_bsp.a(alt_errno.o)
                              d:/Docs/Universidade/LogicaReconfiguravel/LogicaReconfiguravel/Lab04/Proj_Quartus/USERHW_NIOS/software/hal_bsp/\libhal_bsp.a(alt_close.o) (alt_errno)
d:/Docs/Universidade/LogicaReconfiguravel/LogicaReconfiguravel/Lab04/Proj_Quartus/USERHW_NIOS/software/hal_bsp/\libhal_bsp.a(alt_release_fd.o)
                              d:/Docs/Universidade/LogicaReconfiguravel/LogicaReconfiguravel/Lab04/Proj_Quartus/USERHW_NIOS/software/hal_bsp/\libhal_bsp.a(alt_close.o) (alt_release_fd)
d:/Docs/Universidade/LogicaReconfiguravel/LogicaReconfiguravel/Lab04/Proj_Quartus/USERHW_NIOS/software/hal_bsp/\libhal_bsp.a(altera_nios2_gen2_irq.o)
                              d:/Docs/Universidade/LogicaReconfiguravel/LogicaReconfiguravel/Lab04/Proj_Quartus/USERHW_NIOS/software/hal_bsp/\libhal_bsp.a(alt_sys_init.o) (altera_nios2_gen2_irq_init)
d:/programfiles/intelfpga_lite/21.1/nios2eds/bin/gnu/h-x86_64-mingw32/bin/../lib/gcc/nios2-elf/11.2.1/../../../../../H-x86_64-mingw32/nios2-elf/lib\libsmallc.a(lib_a-atexit.o)
                              d:/Docs/Universidade/LogicaReconfiguravel/LogicaReconfiguravel/Lab04/Proj_Quartus/USERHW_NIOS/software/hal_bsp/\libhal_bsp.a(alt_main.o) (atexit)
d:/programfiles/intelfpga_lite/21.1/nios2eds/bin/gnu/h-x86_64-mingw32/bin/../lib/gcc/nios2-elf/11.2.1/../../../../../H-x86_64-mingw32/nios2-elf/lib\libsmallc.a(lib_a-exit.o)
                              d:/Docs/Universidade/LogicaReconfiguravel/LogicaReconfiguravel/Lab04/Proj_Quartus/USERHW_NIOS/software/hal_bsp/\libhal_bsp.a(alt_main.o) (exit)
d:/programfiles/intelfpga_lite/21.1/nios2eds/bin/gnu/h-x86_64-mingw32/bin/../lib/gcc/nios2-elf/11.2.1/../../../../../H-x86_64-mingw32/nios2-elf/lib\libsmallc.a(lib_a-int_errno.o)
                              d:/Docs/Universidade/LogicaReconfiguravel/LogicaReconfiguravel/Lab04/Proj_Quartus/USERHW_NIOS/software/hal_bsp/\libhal_bsp.a(alt_close.o) (errno)
d:/programfiles/intelfpga_lite/21.1/nios2eds/bin/gnu/h-x86_64-mingw32/bin/../lib/gcc/nios2-elf/11.2.1/../../../../../H-x86_64-mingw32/nios2-elf/lib\libsmallc.a(lib_a-__atexit.o)
                              d:/programfiles/intelfpga_lite/21.1/nios2eds/bin/gnu/h-x86_64-mingw32/bin/../lib/gcc/nios2-elf/11.2.1/../../../../../H-x86_64-mingw32/nios2-elf/lib\libsmallc.a(lib_a-atexit.o) (__register_exitproc)
d:/programfiles/intelfpga_lite/21.1/nios2eds/bin/gnu/h-x86_64-mingw32/bin/../lib/gcc/nios2-elf/11.2.1/../../../../../H-x86_64-mingw32/nios2-elf/lib\libsmallc.a(lib_a-__call_atexit.o)
                              d:/programfiles/intelfpga_lite/21.1/nios2eds/bin/gnu/h-x86_64-mingw32/bin/../lib/gcc/nios2-elf/11.2.1/../../../../../H-x86_64-mingw32/nios2-elf/lib\libsmallc.a(lib_a-exit.o) (__call_exitprocs)
d:/programfiles/intelfpga_lite/21.1/nios2eds/bin/gnu/h-x86_64-mingw32/bin/../lib/gcc/nios2-elf/11.2.1/../../../../../H-x86_64-mingw32/nios2-elf/lib\libsmallc.a(lib_a-impure.o)
                              d:/programfiles/intelfpga_lite/21.1/nios2eds/bin/gnu/h-x86_64-mingw32/bin/../lib/gcc/nios2-elf/11.2.1/../../../../../H-x86_64-mingw32/nios2-elf/lib\libsmallc.a(lib_a-__atexit.o) (_global_impure_ptr)
d:/Docs/Universidade/LogicaReconfiguravel/LogicaReconfiguravel/Lab04/Proj_Quartus/USERHW_NIOS/software/hal_bsp/\libhal_bsp.a(alt_exit.o)
                              d:/programfiles/intelfpga_lite/21.1/nios2eds/bin/gnu/h-x86_64-mingw32/bin/../lib/gcc/nios2-elf/11.2.1/../../../../../H-x86_64-mingw32/nios2-elf/lib\libsmallc.a(lib_a-exit.o) (_exit)

Memory Configuration

Name             Origin             Length             Attributes
reset            0x0000000000000000 0x0000000000000020
ROM              0x0000000000000020 0x0000000000001fd6
RAM              0x0000000000004000 0x0000000000001ff6
*default*        0x0000000000000000 0xffffffffffffffff

Linker script and memory map

LOAD d:/Docs/Universidade/LogicaReconfiguravel/LogicaReconfiguravel/Lab04/Proj_Quartus/USERHW_NIOS/software/hal_bsp//obj/HAL/src/crt0.o
LOAD obj/default/main.o
LOAD d:/programfiles/intelfpga_lite/21.1/nios2eds/bin/gnu/h-x86_64-mingw32/bin/../lib/gcc/nios2-elf/11.2.1/../../../../../H-x86_64-mingw32/nios2-elf/lib\libstdc++.a
LOAD d:/programfiles/intelfpga_lite/21.1/nios2eds/bin/gnu/h-x86_64-mingw32/bin/../lib/gcc/nios2-elf/11.2.1/../../../../../H-x86_64-mingw32/nios2-elf/lib\libm.a
LOAD d:/programfiles/intelfpga_lite/21.1/nios2eds/bin/gnu/h-x86_64-mingw32/bin/../lib/gcc/nios2-elf/11.2.1\libgcc.a
START GROUP
LOAD d:/programfiles/intelfpga_lite/21.1/nios2eds/bin/gnu/h-x86_64-mingw32/bin/../lib/gcc/nios2-elf/11.2.1/../../../../../H-x86_64-mingw32/nios2-elf/lib\libsmallc.a
LOAD d:/programfiles/intelfpga_lite/21.1/nios2eds/bin/gnu/h-x86_64-mingw32/bin/../lib/gcc/nios2-elf/11.2.1\libgcc.a
LOAD d:/Docs/Universidade/LogicaReconfiguravel/LogicaReconfiguravel/Lab04/Proj_Quartus/USERHW_NIOS/software/hal_bsp/\libhal_bsp.a
LOAD d:/programfiles/intelfpga_lite/21.1/nios2eds/bin/gnu/h-x86_64-mingw32/bin/../lib/gcc/nios2-elf/11.2.1/../../../../../H-x86_64-mingw32/nios2-elf/lib\libm.a
END GROUP
LOAD d:/programfiles/intelfpga_lite/21.1/nios2eds/bin/gnu/h-x86_64-mingw32/bin/../lib/gcc/nios2-elf/11.2.1\libgcc.a
                0x0000000000000000                __alt_mem_ROM = 0x0
                0x0000000000004000                __alt_mem_RAM = 0x4000

.entry          0x0000000000000000        0x0
 *(.entry)
 .entry         0x0000000000000000        0x0 d:/Docs/Universidade/LogicaReconfiguravel/LogicaReconfiguravel/Lab04/Proj_Quartus/USERHW_NIOS/software/hal_bsp//obj/HAL/src/crt0.o
                0x0000000000000000                __reset

.exceptions     0x0000000000000020        0x0
                [!provide]                        PROVIDE (__ram_exceptions_start = ABSOLUTE (.))
                0x0000000000000020                . = ALIGN (0x20)
 *(.irq)
 *(.exceptions.entry.label)
 *(.exceptions.entry.user)
 *(.exceptions.entry.ecc_fatal)
 *(.exceptions.entry)
 *(.exceptions.irqtest.user)
 *(.exceptions.irqtest)
 *(.exceptions.irqhandler.user)
 *(.exceptions.irqhandler)
 *(.exceptions.irqreturn.user)
 *(.exceptions.irqreturn)
 *(.exceptions.notirq.label)
 *(.exceptions.notirq.user)
 *(.exceptions.notirq)
 *(.exceptions.soft.user)
 *(.exceptions.soft)
 *(.exceptions.unknown.user)
 *(.exceptions.unknown)
 *(.exceptions.exit.label)
 *(.exceptions.exit.user)
 *(.exceptions.exit)
 *(.exceptions)
                [!provide]                        PROVIDE (__ram_exceptions_end = ABSOLUTE (.))
                [!provide]                        PROVIDE (__flash_exceptions_start = LOADADDR (.exceptions))

.text           0x0000000000000020      0x714
                [!provide]                        PROVIDE (stext = ABSOLUTE (.))
 *(.interp)
 *(.hash)
 *(.dynsym)
 *(.dynstr)
 *(.gnu.version)
 *(.gnu.version_d)
 *(.gnu.version_r)
 *(.rel.init)
 *(.rela.init)
 *(.rel.text .rel.text.* .rel.gnu.linkonce.t.*)
 *(.rela.text .rela.text.* .rela.gnu.linkonce.t.*)
 *(.rel.fini)
 *(.rela.fini)
 *(.rel.rodata .rel.rodata.* .rel.gnu.linkonce.r.*)
 *(.rela.rodata .rela.rodata.* .rela.gnu.linkonce.r.*)
 *(.rel.data .rel.data.* .rel.gnu.linkonce.d.*)
 *(.rela.data .rela.data.* .rela.gnu.linkonce.d.*)
 *(.rel.tdata .rel.tdata.* .rel.gnu.linkonce.td.*)
 *(.rela.tdata .rela.tdata.* .rela.gnu.linkonce.td.*)
 *(.rel.tbss .rel.tbss.* .rel.gnu.linkonce.tb.*)
 *(.rela.tbss .rela.tbss.* .rela.gnu.linkonce.tb.*)
 *(.rel.ctors)
 *(.rela.ctors)
 *(.rel.dtors)
 *(.rela.dtors)
 *(.rel.got)
 *(.rela.got)
 *(.rel.sdata .rel.sdata.* .rel.gnu.linkonce.s.*)
 *(.rela.sdata .rela.sdata.* .rela.gnu.linkonce.s.*)
 *(.rel.sbss .rel.sbss.* .rel.gnu.linkonce.sb.*)
 *(.rela.sbss .rela.sbss.* .rela.gnu.linkonce.sb.*)
 *(.rel.sdata2 .rel.sdata2.* .rel.gnu.linkonce.s2.*)
 *(.rela.sdata2 .rela.sdata2.* .rela.gnu.linkonce.s2.*)
 *(.rel.sbss2 .rel.sbss2.* .rel.gnu.linkonce.sb2.*)
 *(.rela.sbss2 .rela.sbss2.* .rela.gnu.linkonce.sb2.*)
 *(.rel.bss .rel.bss.* .rel.gnu.linkonce.b.*)
 *(.rela.bss .rela.bss.* .rela.gnu.linkonce.b.*)
 *(.rel.plt)
 *(.rela.plt)
 *(.rel.dyn)
 *(.init)
 *(.plt)
 *(.text .stub .text.* .gnu.linkonce.t.*)
 .text          0x0000000000000020       0x48 d:/Docs/Universidade/LogicaReconfiguravel/LogicaReconfiguravel/Lab04/Proj_Quartus/USERHW_NIOS/software/hal_bsp//obj/HAL/src/crt0.o
                0x0000000000000020                _start
 .text          0x0000000000000068       0xb8 obj/default/main.o
                0x0000000000000068                main
 .text          0x0000000000000120        0x0 d:/programfiles/intelfpga_lite/21.1/nios2eds/bin/gnu/h-x86_64-mingw32/bin/../lib/gcc/nios2-elf/11.2.1/../../../../../H-x86_64-mingw32/nios2-elf/lib\libsmallc.a(lib_a-memcpy.o)
 .text.memcpy   0x0000000000000120       0x28 d:/programfiles/intelfpga_lite/21.1/nios2eds/bin/gnu/h-x86_64-mingw32/bin/../lib/gcc/nios2-elf/11.2.1/../../../../../H-x86_64-mingw32/nios2-elf/lib\libsmallc.a(lib_a-memcpy.o)
                0x0000000000000120                memcpy
 .text          0x0000000000000148       0x60 d:/Docs/Universidade/LogicaReconfiguravel/LogicaReconfiguravel/Lab04/Proj_Quartus/USERHW_NIOS/software/hal_bsp/\libhal_bsp.a(alt_main.o)
                0x0000000000000148                alt_main
 .text          0x00000000000001a8       0x5c d:/Docs/Universidade/LogicaReconfiguravel/LogicaReconfiguravel/Lab04/Proj_Quartus/USERHW_NIOS/software/hal_bsp/\libhal_bsp.a(alt_sys_init.o)
                0x00000000000001a8                alt_irq_init
                0x00000000000001e4                alt_sys_init
 .text          0x0000000000000204      0x10c d:/Docs/Universidade/LogicaReconfiguravel/LogicaReconfiguravel/Lab04/Proj_Quartus/USERHW_NIOS/software/hal_bsp/\libhal_bsp.a(alt_close.o)
                0x0000000000000240                close
 .text          0x0000000000000310       0x2c d:/Docs/Universidade/LogicaReconfiguravel/LogicaReconfiguravel/Lab04/Proj_Quartus/USERHW_NIOS/software/hal_bsp/\libhal_bsp.a(alt_dev.o)
 .text          0x000000000000033c       0x64 d:/Docs/Universidade/LogicaReconfiguravel/LogicaReconfiguravel/Lab04/Proj_Quartus/USERHW_NIOS/software/hal_bsp/\libhal_bsp.a(alt_do_ctors.o)
                0x000000000000033c                _do_ctors
 .text          0x00000000000003a0       0x64 d:/Docs/Universidade/LogicaReconfiguravel/LogicaReconfiguravel/Lab04/Proj_Quartus/USERHW_NIOS/software/hal_bsp/\libhal_bsp.a(alt_do_dtors.o)
                0x00000000000003a0                _do_dtors
 .text          0x0000000000000404        0x0 d:/Docs/Universidade/LogicaReconfiguravel/LogicaReconfiguravel/Lab04/Proj_Quartus/USERHW_NIOS/software/hal_bsp/\libhal_bsp.a(alt_errno.o)
 .text          0x0000000000000404       0x58 d:/Docs/Universidade/LogicaReconfiguravel/LogicaReconfiguravel/Lab04/Proj_Quartus/USERHW_NIOS/software/hal_bsp/\libhal_bsp.a(alt_release_fd.o)
                0x0000000000000404                alt_release_fd
 .text          0x000000000000045c       0x24 d:/Docs/Universidade/LogicaReconfiguravel/LogicaReconfiguravel/Lab04/Proj_Quartus/USERHW_NIOS/software/hal_bsp/\libhal_bsp.a(altera_nios2_gen2_irq.o)
                0x000000000000045c                altera_nios2_gen2_irq_init
 .text          0x0000000000000480        0x0 d:/programfiles/intelfpga_lite/21.1/nios2eds/bin/gnu/h-x86_64-mingw32/bin/../lib/gcc/nios2-elf/11.2.1/../../../../../H-x86_64-mingw32/nios2-elf/lib\libsmallc.a(lib_a-atexit.o)
 .text.atexit   0x0000000000000480       0x14 d:/programfiles/intelfpga_lite/21.1/nios2eds/bin/gnu/h-x86_64-mingw32/bin/../lib/gcc/nios2-elf/11.2.1/../../../../../H-x86_64-mingw32/nios2-elf/lib\libsmallc.a(lib_a-atexit.o)
                0x0000000000000480                atexit
 .text          0x0000000000000494        0x0 d:/programfiles/intelfpga_lite/21.1/nios2eds/bin/gnu/h-x86_64-mingw32/bin/../lib/gcc/nios2-elf/11.2.1/../../../../../H-x86_64-mingw32/nios2-elf/lib\libsmallc.a(lib_a-exit.o)
 .text.exit     0x0000000000000494       0x20 d:/programfiles/intelfpga_lite/21.1/nios2eds/bin/gnu/h-x86_64-mingw32/bin/../lib/gcc/nios2-elf/11.2.1/../../../../../H-x86_64-mingw32/nios2-elf/lib\libsmallc.a(lib_a-exit.o)
                0x0000000000000494                exit
 .text          0x00000000000004b4        0x0 d:/programfiles/intelfpga_lite/21.1/nios2eds/bin/gnu/h-x86_64-mingw32/bin/../lib/gcc/nios2-elf/11.2.1/../../../../../H-x86_64-mingw32/nios2-elf/lib\libsmallc.a(lib_a-int_errno.o)
 .text          0x00000000000004b4        0x0 d:/programfiles/intelfpga_lite/21.1/nios2eds/bin/gnu/h-x86_64-mingw32/bin/../lib/gcc/nios2-elf/11.2.1/../../../../../H-x86_64-mingw32/nios2-elf/lib\libsmallc.a(lib_a-__atexit.o)
 .text.__register_exitproc
                0x00000000000004b4      0x11c d:/programfiles/intelfpga_lite/21.1/nios2eds/bin/gnu/h-x86_64-mingw32/bin/../lib/gcc/nios2-elf/11.2.1/../../../../../H-x86_64-mingw32/nios2-elf/lib\libsmallc.a(lib_a-__atexit.o)
                0x00000000000004b4                __register_exitproc
 .text          0x00000000000005d0        0x0 d:/programfiles/intelfpga_lite/21.1/nios2eds/bin/gnu/h-x86_64-mingw32/bin/../lib/gcc/nios2-elf/11.2.1/../../../../../H-x86_64-mingw32/nios2-elf/lib\libsmallc.a(lib_a-__call_atexit.o)
 .text.__call_exitprocs
                0x00000000000005d0      0x12c d:/programfiles/intelfpga_lite/21.1/nios2eds/bin/gnu/h-x86_64-mingw32/bin/../lib/gcc/nios2-elf/11.2.1/../../../../../H-x86_64-mingw32/nios2-elf/lib\libsmallc.a(lib_a-__call_atexit.o)
                0x00000000000005d0                __call_exitprocs
 .text          0x00000000000006fc        0x0 d:/programfiles/intelfpga_lite/21.1/nios2eds/bin/gnu/h-x86_64-mingw32/bin/../lib/gcc/nios2-elf/11.2.1/../../../../../H-x86_64-mingw32/nios2-elf/lib\libsmallc.a(lib_a-impure.o)
 .text          0x00000000000006fc       0x38 d:/Docs/Universidade/LogicaReconfiguravel/LogicaReconfiguravel/Lab04/Proj_Quartus/USERHW_NIOS/software/hal_bsp/\libhal_bsp.a(alt_exit.o)
                0x00000000000006fc                _exit
 *(.gnu.warning.*)
 *(.fini)
                [!provide]                        PROVIDE (__etext = ABSOLUTE (.))
                [!provide]                        PROVIDE (_etext = ABSOLUTE (.))
                [!provide]                        PROVIDE (etext = ABSOLUTE (.))
 *(.eh_frame_hdr)
                0x0000000000000734                . = ALIGN (0x4)
                [!provide]                        PROVIDE (__preinit_array_start = ABSOLUTE (.))
 *(.preinit_array)
                [!provide]                        PROVIDE (__preinit_array_end = ABSOLUTE (.))
                [!provide]                        PROVIDE (__init_array_start = ABSOLUTE (.))
 *(.init_array)
                [!provide]                        PROVIDE (__init_array_end = ABSOLUTE (.))
                [!provide]                        PROVIDE (__fini_array_start = ABSOLUTE (.))
 *(.fini_array)
                [!provide]                        PROVIDE (__fini_array_end = ABSOLUTE (.))
 *(.eh_frame)
 *(.gcc_except_table .gcc_except_table.*)
 *(.dynamic)
                0x0000000000000734                PROVIDE (__CTOR_LIST__ = ABSOLUTE (.))
 *(.ctors)
 *(SORT_BY_NAME(.ctors.*))
                0x0000000000000734                PROVIDE (__CTOR_END__ = ABSOLUTE (.))
                0x0000000000000734                PROVIDE (__DTOR_LIST__ = ABSOLUTE (.))
 *(.dtors)
 *(SORT_BY_NAME(.dtors.*))
                0x0000000000000734                PROVIDE (__DTOR_END__ = ABSOLUTE (.))
 *(.jcr)
                0x0000000000000734                . = ALIGN (0x4)

.rodata         0x0000000000004000       0x30
                [!provide]                        PROVIDE (__ram_rodata_start = ABSOLUTE (.))
                0x0000000000004000                . = ALIGN (0x4)
 *(.rodata .rodata.* .gnu.linkonce.r.*)
 .rodata        0x0000000000004000       0x23 obj/default/main.o
 *fill*         0x0000000000004023        0x1 
 .rodata        0x0000000000004024        0xa d:/Docs/Universidade/LogicaReconfiguravel/LogicaReconfiguravel/Lab04/Proj_Quartus/USERHW_NIOS/software/hal_bsp/\libhal_bsp.a(alt_dev.o)
 *(.rodata1)
                0x0000000000004030                . = ALIGN (0x4)
 *fill*         0x000000000000402e        0x2 
                [!provide]                        PROVIDE (__ram_rodata_end = ABSOLUTE (.))
                [!provide]                        PROVIDE (__flash_rodata_start = LOADADDR (.rodata))

.rwdata         0x0000000000004030      0x2ac
                [!provide]                        PROVIDE (__ram_rwdata_start = ABSOLUTE (.))
                0x0000000000004030                . = ALIGN (0x4)
 *(.got.plt)
 *(.got)
 *(.data1)
 *(.data .data.* .gnu.linkonce.d.*)
 .data          0x0000000000004030        0x0 d:/Docs/Universidade/LogicaReconfiguravel/LogicaReconfiguravel/Lab04/Proj_Quartus/USERHW_NIOS/software/hal_bsp//obj/HAL/src/crt0.o
 .data          0x0000000000004030        0x0 obj/default/main.o
 .data          0x0000000000004030        0x0 d:/programfiles/intelfpga_lite/21.1/nios2eds/bin/gnu/h-x86_64-mingw32/bin/../lib/gcc/nios2-elf/11.2.1/../../../../../H-x86_64-mingw32/nios2-elf/lib\libsmallc.a(lib_a-memcpy.o)
 .data          0x0000000000004030        0x0 d:/Docs/Universidade/LogicaReconfiguravel/LogicaReconfiguravel/Lab04/Proj_Quartus/USERHW_NIOS/software/hal_bsp/\libhal_bsp.a(alt_main.o)
 .data          0x0000000000004030        0x0 d:/Docs/Universidade/LogicaReconfiguravel/LogicaReconfiguravel/Lab04/Proj_Quartus/USERHW_NIOS/software/hal_bsp/\libhal_bsp.a(alt_sys_init.o)
 .data          0x0000000000004030        0x0 d:/Docs/Universidade/LogicaReconfiguravel/LogicaReconfiguravel/Lab04/Proj_Quartus/USERHW_NIOS/software/hal_bsp/\libhal_bsp.a(alt_close.o)
 .data          0x0000000000004030      0x1a8 d:/Docs/Universidade/LogicaReconfiguravel/LogicaReconfiguravel/Lab04/Proj_Quartus/USERHW_NIOS/software/hal_bsp/\libhal_bsp.a(alt_dev.o)
                0x0000000000004030                alt_dev_null
                0x0000000000004058                alt_fd_list
 .data          0x00000000000041d8        0x0 d:/Docs/Universidade/LogicaReconfiguravel/LogicaReconfiguravel/Lab04/Proj_Quartus/USERHW_NIOS/software/hal_bsp/\libhal_bsp.a(alt_do_ctors.o)
 .data          0x00000000000041d8        0x0 d:/Docs/Universidade/LogicaReconfiguravel/LogicaReconfiguravel/Lab04/Proj_Quartus/USERHW_NIOS/software/hal_bsp/\libhal_bsp.a(alt_do_dtors.o)
 .data          0x00000000000041d8        0x0 d:/Docs/Universidade/LogicaReconfiguravel/LogicaReconfiguravel/Lab04/Proj_Quartus/USERHW_NIOS/software/hal_bsp/\libhal_bsp.a(alt_errno.o)
 .data          0x00000000000041d8        0x0 d:/Docs/Universidade/LogicaReconfiguravel/LogicaReconfiguravel/Lab04/Proj_Quartus/USERHW_NIOS/software/hal_bsp/\libhal_bsp.a(alt_release_fd.o)
 .data          0x00000000000041d8        0x0 d:/Docs/Universidade/LogicaReconfiguravel/LogicaReconfiguravel/Lab04/Proj_Quartus/USERHW_NIOS/software/hal_bsp/\libhal_bsp.a(altera_nios2_gen2_irq.o)
 .data          0x00000000000041d8        0x0 d:/programfiles/intelfpga_lite/21.1/nios2eds/bin/gnu/h-x86_64-mingw32/bin/../lib/gcc/nios2-elf/11.2.1/../../../../../H-x86_64-mingw32/nios2-elf/lib\libsmallc.a(lib_a-atexit.o)
 .data          0x00000000000041d8        0x0 d:/programfiles/intelfpga_lite/21.1/nios2eds/bin/gnu/h-x86_64-mingw32/bin/../lib/gcc/nios2-elf/11.2.1/../../../../../H-x86_64-mingw32/nios2-elf/lib\libsmallc.a(lib_a-exit.o)
 .data          0x00000000000041d8        0x0 d:/programfiles/intelfpga_lite/21.1/nios2eds/bin/gnu/h-x86_64-mingw32/bin/../lib/gcc/nios2-elf/11.2.1/../../../../../H-x86_64-mingw32/nios2-elf/lib\libsmallc.a(lib_a-int_errno.o)
 .data          0x00000000000041d8        0x0 d:/programfiles/intelfpga_lite/21.1/nios2eds/bin/gnu/h-x86_64-mingw32/bin/../lib/gcc/nios2-elf/11.2.1/../../../../../H-x86_64-mingw32/nios2-elf/lib\libsmallc.a(lib_a-__atexit.o)
 .data          0x00000000000041d8        0x0 d:/programfiles/intelfpga_lite/21.1/nios2eds/bin/gnu/h-x86_64-mingw32/bin/../lib/gcc/nios2-elf/11.2.1/../../../../../H-x86_64-mingw32/nios2-elf/lib\libsmallc.a(lib_a-__call_atexit.o)
 .data          0x00000000000041d8        0x0 d:/programfiles/intelfpga_lite/21.1/nios2eds/bin/gnu/h-x86_64-mingw32/bin/../lib/gcc/nios2-elf/11.2.1/../../../../../H-x86_64-mingw32/nios2-elf/lib\libsmallc.a(lib_a-impure.o)
 .data.impure_data
                0x00000000000041d8       0xe4 d:/programfiles/intelfpga_lite/21.1/nios2eds/bin/gnu/h-x86_64-mingw32/bin/../lib/gcc/nios2-elf/11.2.1/../../../../../H-x86_64-mingw32/nios2-elf/lib\libsmallc.a(lib_a-impure.o)
 .data          0x00000000000042bc        0x0 d:/Docs/Universidade/LogicaReconfiguravel/LogicaReconfiguravel/Lab04/Proj_Quartus/USERHW_NIOS/software/hal_bsp/\libhal_bsp.a(alt_exit.o)
                0x000000000000c2bc                _gp = ABSOLUTE ((. + 0x8000))
                [!provide]                        PROVIDE (gp = _gp)
 *(.rwdata .rwdata.*)
 *(.sdata .sdata.* .gnu.linkonce.s.*)
 .sdata         0x00000000000042bc       0x14 d:/Docs/Universidade/LogicaReconfiguravel/LogicaReconfiguravel/Lab04/Proj_Quartus/USERHW_NIOS/software/hal_bsp/\libhal_bsp.a(alt_dev.o)
                0x00000000000042bc                alt_fs_list
                0x00000000000042c4                alt_dev_list
                0x00000000000042cc                alt_max_fd
 .sdata         0x00000000000042d0        0x4 d:/Docs/Universidade/LogicaReconfiguravel/LogicaReconfiguravel/Lab04/Proj_Quartus/USERHW_NIOS/software/hal_bsp/\libhal_bsp.a(alt_errno.o)
                0x00000000000042d0                alt_errno
 .sdata._global_impure_ptr
                0x00000000000042d4        0x4 d:/programfiles/intelfpga_lite/21.1/nios2eds/bin/gnu/h-x86_64-mingw32/bin/../lib/gcc/nios2-elf/11.2.1/../../../../../H-x86_64-mingw32/nios2-elf/lib\libsmallc.a(lib_a-impure.o)
                0x00000000000042d4                _global_impure_ptr
 .sdata._impure_ptr
                0x00000000000042d8        0x4 d:/programfiles/intelfpga_lite/21.1/nios2eds/bin/gnu/h-x86_64-mingw32/bin/../lib/gcc/nios2-elf/11.2.1/../../../../../H-x86_64-mingw32/nios2-elf/lib\libsmallc.a(lib_a-impure.o)
                0x00000000000042d8                _impure_ptr
 *(.sdata2 .sdata2.* .gnu.linkonce.s2.*)
                0x00000000000042dc                . = ALIGN (0x4)
                0x00000000000042dc                _edata = ABSOLUTE (.)
                [!provide]                        PROVIDE (edata = ABSOLUTE (.))
                [!provide]                        PROVIDE (__ram_rwdata_end = ABSOLUTE (.))
                [!provide]                        PROVIDE (__flash_rwdata_start = LOADADDR (.rwdata))

.bss            0x00000000000042dc       0x10
                0x00000000000042dc                __bss_start = ABSOLUTE (.)
                [!provide]                        PROVIDE (__sbss_start = ABSOLUTE (.))
                [!provide]                        PROVIDE (___sbss_start = ABSOLUTE (.))
 *(.dynsbss)
 *(.sbss .sbss.* .gnu.linkonce.sb.*)
 .sbss          0x00000000000042dc        0xc d:/Docs/Universidade/LogicaReconfiguravel/LogicaReconfiguravel/Lab04/Proj_Quartus/USERHW_NIOS/software/hal_bsp/\libhal_bsp.a(alt_main.o)
                0x00000000000042dc                alt_argc
                0x00000000000042e0                alt_argv
                0x00000000000042e4                alt_envp
 .sbss.errno    0x00000000000042e8        0x4 d:/programfiles/intelfpga_lite/21.1/nios2eds/bin/gnu/h-x86_64-mingw32/bin/../lib/gcc/nios2-elf/11.2.1/../../../../../H-x86_64-mingw32/nios2-elf/lib\libsmallc.a(lib_a-int_errno.o)
                0x00000000000042e8                errno
 *(.sbss2 .sbss2.* .gnu.linkonce.sb2.*)
 *(.scommon)
                [!provide]                        PROVIDE (__sbss_end = ABSOLUTE (.))
                [!provide]                        PROVIDE (___sbss_end = ABSOLUTE (.))
 *(.dynbss)
 *(.bss .bss.* .gnu.linkonce.b.*)
 .bss           0x00000000000042ec        0x0 d:/Docs/Universidade/LogicaReconfiguravel/LogicaReconfiguravel/Lab04/Proj_Quartus/USERHW_NIOS/software/hal_bsp//obj/HAL/src/crt0.o
 .bss           0x00000000000042ec        0x0 obj/default/main.o
 .bss           0x00000000000042ec        0x0 d:/programfiles/intelfpga_lite/21.1/nios2eds/bin/gnu/h-x86_64-mingw32/bin/../lib/gcc/nios2-elf/11.2.1/../../../../../H-x86_64-mingw32/nios2-elf/lib\libsmallc.a(lib_a-memcpy.o)
 .bss           0x00000000000042ec        0x0 d:/Docs/Universidade/LogicaReconfiguravel/LogicaReconfiguravel/Lab04/Proj_Quartus/USERHW_NIOS/software/hal_bsp/\libhal_bsp.a(alt_main.o)
 .bss           0x00000000000042ec        0x0 d:/Docs/Universidade/LogicaReconfiguravel/LogicaReconfiguravel/Lab04/Proj_Quartus/USERHW_NIOS/software/hal_bsp/\libhal_bsp.a(alt_sys_init.o)
 .bss           0x00000000000042ec        0x0 d:/Docs/Universidade/LogicaReconfiguravel/LogicaReconfiguravel/Lab04/Proj_Quartus/USERHW_NIOS/software/hal_bsp/\libhal_bsp.a(alt_close.o)
 .bss           0x00000000000042ec        0x0 d:/Docs/Universidade/LogicaReconfiguravel/LogicaReconfiguravel/Lab04/Proj_Quartus/USERHW_NIOS/software/hal_bsp/\libhal_bsp.a(alt_dev.o)
 .bss           0x00000000000042ec        0x0 d:/Docs/Universidade/LogicaReconfiguravel/LogicaReconfiguravel/Lab04/Proj_Quartus/USERHW_NIOS/software/hal_bsp/\libhal_bsp.a(alt_do_ctors.o)
 .bss           0x00000000000042ec        0x0 d:/Docs/Universidade/LogicaReconfiguravel/LogicaReconfiguravel/Lab04/Proj_Quartus/USERHW_NIOS/software/hal_bsp/\libhal_bsp.a(alt_do_dtors.o)
 .bss           0x00000000000042ec        0x0 d:/Docs/Universidade/LogicaReconfiguravel/LogicaReconfiguravel/Lab04/Proj_Quartus/USERHW_NIOS/software/hal_bsp/\libhal_bsp.a(alt_errno.o)
 .bss           0x00000000000042ec        0x0 d:/Docs/Universidade/LogicaReconfiguravel/LogicaReconfiguravel/Lab04/Proj_Quartus/USERHW_NIOS/software/hal_bsp/\libhal_bsp.a(alt_release_fd.o)
 .bss           0x00000000000042ec        0x0 d:/Docs/Universidade/LogicaReconfiguravel/LogicaReconfiguravel/Lab04/Proj_Quartus/USERHW_NIOS/software/hal_bsp/\libhal_bsp.a(altera_nios2_gen2_irq.o)
 .bss           0x00000000000042ec        0x0 d:/programfiles/intelfpga_lite/21.1/nios2eds/bin/gnu/h-x86_64-mingw32/bin/../lib/gcc/nios2-elf/11.2.1/../../../../../H-x86_64-mingw32/nios2-elf/lib\libsmallc.a(lib_a-atexit.o)
 .bss           0x00000000000042ec        0x0 d:/programfiles/intelfpga_lite/21.1/nios2eds/bin/gnu/h-x86_64-mingw32/bin/../lib/gcc/nios2-elf/11.2.1/../../../../../H-x86_64-mingw32/nios2-elf/lib\libsmallc.a(lib_a-exit.o)
 .bss           0x00000000000042ec        0x0 d:/programfiles/intelfpga_lite/21.1/nios2eds/bin/gnu/h-x86_64-mingw32/bin/../lib/gcc/nios2-elf/11.2.1/../../../../../H-x86_64-mingw32/nios2-elf/lib\libsmallc.a(lib_a-int_errno.o)
 .bss           0x00000000000042ec        0x0 d:/programfiles/intelfpga_lite/21.1/nios2eds/bin/gnu/h-x86_64-mingw32/bin/../lib/gcc/nios2-elf/11.2.1/../../../../../H-x86_64-mingw32/nios2-elf/lib\libsmallc.a(lib_a-__atexit.o)
 .bss           0x00000000000042ec        0x0 d:/programfiles/intelfpga_lite/21.1/nios2eds/bin/gnu/h-x86_64-mingw32/bin/../lib/gcc/nios2-elf/11.2.1/../../../../../H-x86_64-mingw32/nios2-elf/lib\libsmallc.a(lib_a-__call_atexit.o)
 .bss           0x00000000000042ec        0x0 d:/programfiles/intelfpga_lite/21.1/nios2eds/bin/gnu/h-x86_64-mingw32/bin/../lib/gcc/nios2-elf/11.2.1/../../../../../H-x86_64-mingw32/nios2-elf/lib\libsmallc.a(lib_a-impure.o)
 .bss           0x00000000000042ec        0x0 d:/Docs/Universidade/LogicaReconfiguravel/LogicaReconfiguravel/Lab04/Proj_Quartus/USERHW_NIOS/software/hal_bsp/\libhal_bsp.a(alt_exit.o)
 *(COMMON)
                0x00000000000042ec                . = ALIGN (0x4)
                0x00000000000042ec                __bss_end = ABSOLUTE (.)

.ROM            0x0000000000000734        0x0
                [!provide]                        PROVIDE (_alt_partition_ROM_start = ABSOLUTE (.))
 *(.ROM .ROM. ROM.*)
                0x0000000000000734                . = ALIGN (0x4)
                [!provide]                        PROVIDE (_alt_partition_ROM_end = ABSOLUTE (.))
                [!provide]                        PROVIDE (_alt_partition_ROM_load_addr = LOADADDR (.ROM))

.RAM            0x00000000000042ec        0x0
                [!provide]                        PROVIDE (_alt_partition_RAM_start = ABSOLUTE (.))
 *(.RAM .RAM. RAM.*)
                0x00000000000042ec                . = ALIGN (0x4)
                [!provide]                        PROVIDE (_alt_partition_RAM_end = ABSOLUTE (.))
                0x00000000000042ec                _end = ABSOLUTE (.)
                0x00000000000042ec                end = ABSOLUTE (.)
                0x00000000000042ec                __alt_stack_base = ABSOLUTE (.)
                [!provide]                        PROVIDE (_alt_partition_RAM_load_addr = LOADADDR (.RAM))

.stab
 *(.stab)

.stabstr
 *(.stabstr)

.stab.excl
 *(.stab.excl)

.stab.exclstr
 *(.stab.exclstr)

.stab.index
 *(.stab.index)

.stab.indexstr
 *(.stab.indexstr)

.comment        0x0000000000000000       0x2d
 *(.comment)
 .comment       0x0000000000000000       0x2d obj/default/main.o
                                         0x2e (size before relaxing)
 .comment       0x000000000000002d       0x2e d:/programfiles/intelfpga_lite/21.1/nios2eds/bin/gnu/h-x86_64-mingw32/bin/../lib/gcc/nios2-elf/11.2.1/../../../../../H-x86_64-mingw32/nios2-elf/lib\libsmallc.a(lib_a-memcpy.o)
 .comment       0x000000000000002d       0x2e d:/Docs/Universidade/LogicaReconfiguravel/LogicaReconfiguravel/Lab04/Proj_Quartus/USERHW_NIOS/software/hal_bsp/\libhal_bsp.a(alt_main.o)
 .comment       0x000000000000002d       0x2e d:/Docs/Universidade/LogicaReconfiguravel/LogicaReconfiguravel/Lab04/Proj_Quartus/USERHW_NIOS/software/hal_bsp/\libhal_bsp.a(alt_sys_init.o)
 .comment       0x000000000000002d       0x2e d:/Docs/Universidade/LogicaReconfiguravel/LogicaReconfiguravel/Lab04/Proj_Quartus/USERHW_NIOS/software/hal_bsp/\libhal_bsp.a(alt_close.o)
 .comment       0x000000000000002d       0x2e d:/Docs/Universidade/LogicaReconfiguravel/LogicaReconfiguravel/Lab04/Proj_Quartus/USERHW_NIOS/software/hal_bsp/\libhal_bsp.a(alt_dev.o)
 .comment       0x000000000000002d       0x2e d:/Docs/Universidade/LogicaReconfiguravel/LogicaReconfiguravel/Lab04/Proj_Quartus/USERHW_NIOS/software/hal_bsp/\libhal_bsp.a(alt_do_ctors.o)
 .comment       0x000000000000002d       0x2e d:/Docs/Universidade/LogicaReconfiguravel/LogicaReconfiguravel/Lab04/Proj_Quartus/USERHW_NIOS/software/hal_bsp/\libhal_bsp.a(alt_do_dtors.o)
 .comment       0x000000000000002d       0x2e d:/Docs/Universidade/LogicaReconfiguravel/LogicaReconfiguravel/Lab04/Proj_Quartus/USERHW_NIOS/software/hal_bsp/\libhal_bsp.a(alt_errno.o)
 .comment       0x000000000000002d       0x2e d:/Docs/Universidade/LogicaReconfiguravel/LogicaReconfiguravel/Lab04/Proj_Quartus/USERHW_NIOS/software/hal_bsp/\libhal_bsp.a(alt_release_fd.o)
 .comment       0x000000000000002d       0x2e d:/Docs/Universidade/LogicaReconfiguravel/LogicaReconfiguravel/Lab04/Proj_Quartus/USERHW_NIOS/software/hal_bsp/\libhal_bsp.a(altera_nios2_gen2_irq.o)
 .comment       0x000000000000002d       0x2e d:/programfiles/intelfpga_lite/21.1/nios2eds/bin/gnu/h-x86_64-mingw32/bin/../lib/gcc/nios2-elf/11.2.1/../../../../../H-x86_64-mingw32/nios2-elf/lib\libsmallc.a(lib_a-atexit.o)
 .comment       0x000000000000002d       0x2e d:/programfiles/intelfpga_lite/21.1/nios2eds/bin/gnu/h-x86_64-mingw32/bin/../lib/gcc/nios2-elf/11.2.1/../../../../../H-x86_64-mingw32/nios2-elf/lib\libsmallc.a(lib_a-exit.o)
 .comment       0x000000000000002d       0x2e d:/programfiles/intelfpga_lite/21.1/nios2eds/bin/gnu/h-x86_64-mingw32/bin/../lib/gcc/nios2-elf/11.2.1/../../../../../H-x86_64-mingw32/nios2-elf/lib\libsmallc.a(lib_a-int_errno.o)
 .comment       0x000000000000002d       0x2e d:/programfiles/intelfpga_lite/21.1/nios2eds/bin/gnu/h-x86_64-mingw32/bin/../lib/gcc/nios2-elf/11.2.1/../../../../../H-x86_64-mingw32/nios2-elf/lib\libsmallc.a(lib_a-__atexit.o)
 .comment       0x000000000000002d       0x2e d:/programfiles/intelfpga_lite/21.1/nios2eds/bin/gnu/h-x86_64-mingw32/bin/../lib/gcc/nios2-elf/11.2.1/../../../../../H-x86_64-mingw32/nios2-elf/lib\libsmallc.a(lib_a-__call_atexit.o)
 .comment       0x000000000000002d       0x2e d:/programfiles/intelfpga_lite/21.1/nios2eds/bin/gnu/h-x86_64-mingw32/bin/../lib/gcc/nios2-elf/11.2.1/../../../../../H-x86_64-mingw32/nios2-elf/lib\libsmallc.a(lib_a-impure.o)
 .comment       0x000000000000002d       0x2e d:/Docs/Universidade/LogicaReconfiguravel/LogicaReconfiguravel/Lab04/Proj_Quartus/USERHW_NIOS/software/hal_bsp/\libhal_bsp.a(alt_exit.o)

.debug
 *(.debug)

.line
 *(.line)

.debug_srcinfo
 *(.debug_srcinfo)

.debug_sfnames
 *(.debug_sfnames)

.debug_aranges  0x0000000000000000      0x248
 *(.debug_aranges)
 .debug_aranges
                0x0000000000000000       0x20 d:/Docs/Universidade/LogicaReconfiguravel/LogicaReconfiguravel/Lab04/Proj_Quartus/USERHW_NIOS/software/hal_bsp//obj/HAL/src/crt0.o
 .debug_aranges
                0x0000000000000020       0x20 obj/default/main.o
 .debug_aranges
                0x0000000000000040       0x20 d:/programfiles/intelfpga_lite/21.1/nios2eds/bin/gnu/h-x86_64-mingw32/bin/../lib/gcc/nios2-elf/11.2.1/../../../../../H-x86_64-mingw32/nios2-elf/lib\libsmallc.a(lib_a-memcpy.o)
 .debug_aranges
                0x0000000000000060       0x20 d:/Docs/Universidade/LogicaReconfiguravel/LogicaReconfiguravel/Lab04/Proj_Quartus/USERHW_NIOS/software/hal_bsp/\libhal_bsp.a(alt_main.o)
 .debug_aranges
                0x0000000000000080       0x20 d:/Docs/Universidade/LogicaReconfiguravel/LogicaReconfiguravel/Lab04/Proj_Quartus/USERHW_NIOS/software/hal_bsp/\libhal_bsp.a(alt_sys_init.o)
 .debug_aranges
                0x00000000000000a0       0x20 d:/Docs/Universidade/LogicaReconfiguravel/LogicaReconfiguravel/Lab04/Proj_Quartus/USERHW_NIOS/software/hal_bsp/\libhal_bsp.a(alt_close.o)
 .debug_aranges
                0x00000000000000c0       0x20 d:/Docs/Universidade/LogicaReconfiguravel/LogicaReconfiguravel/Lab04/Proj_Quartus/USERHW_NIOS/software/hal_bsp/\libhal_bsp.a(alt_dev.o)
 .debug_aranges
                0x00000000000000e0       0x20 d:/Docs/Universidade/LogicaReconfiguravel/LogicaReconfiguravel/Lab04/Proj_Quartus/USERHW_NIOS/software/hal_bsp/\libhal_bsp.a(alt_do_ctors.o)
 .debug_aranges
                0x0000000000000100       0x20 d:/Docs/Universidade/LogicaReconfiguravel/LogicaReconfiguravel/Lab04/Proj_Quartus/USERHW_NIOS/software/hal_bsp/\libhal_bsp.a(alt_do_dtors.o)
 .debug_aranges
                0x0000000000000120       0x18 d:/Docs/Universidade/LogicaReconfiguravel/LogicaReconfiguravel/Lab04/Proj_Quartus/USERHW_NIOS/software/hal_bsp/\libhal_bsp.a(alt_errno.o)
 .debug_aranges
                0x0000000000000138       0x20 d:/Docs/Universidade/LogicaReconfiguravel/LogicaReconfiguravel/Lab04/Proj_Quartus/USERHW_NIOS/software/hal_bsp/\libhal_bsp.a(alt_release_fd.o)
 .debug_aranges
                0x0000000000000158       0x20 d:/Docs/Universidade/LogicaReconfiguravel/LogicaReconfiguravel/Lab04/Proj_Quartus/USERHW_NIOS/software/hal_bsp/\libhal_bsp.a(altera_nios2_gen2_irq.o)
 .debug_aranges
                0x0000000000000178       0x20 d:/programfiles/intelfpga_lite/21.1/nios2eds/bin/gnu/h-x86_64-mingw32/bin/../lib/gcc/nios2-elf/11.2.1/../../../../../H-x86_64-mingw32/nios2-elf/lib\libsmallc.a(lib_a-atexit.o)
 .debug_aranges
                0x0000000000000198       0x20 d:/programfiles/intelfpga_lite/21.1/nios2eds/bin/gnu/h-x86_64-mingw32/bin/../lib/gcc/nios2-elf/11.2.1/../../../../../H-x86_64-mingw32/nios2-elf/lib\libsmallc.a(lib_a-exit.o)
 .debug_aranges
                0x00000000000001b8       0x18 d:/programfiles/intelfpga_lite/21.1/nios2eds/bin/gnu/h-x86_64-mingw32/bin/../lib/gcc/nios2-elf/11.2.1/../../../../../H-x86_64-mingw32/nios2-elf/lib\libsmallc.a(lib_a-int_errno.o)
 .debug_aranges
                0x00000000000001d0       0x20 d:/programfiles/intelfpga_lite/21.1/nios2eds/bin/gnu/h-x86_64-mingw32/bin/../lib/gcc/nios2-elf/11.2.1/../../../../../H-x86_64-mingw32/nios2-elf/lib\libsmallc.a(lib_a-__atexit.o)
 .debug_aranges
                0x00000000000001f0       0x20 d:/programfiles/intelfpga_lite/21.1/nios2eds/bin/gnu/h-x86_64-mingw32/bin/../lib/gcc/nios2-elf/11.2.1/../../../../../H-x86_64-mingw32/nios2-elf/lib\libsmallc.a(lib_a-__call_atexit.o)
 .debug_aranges
                0x0000000000000210       0x18 d:/programfiles/intelfpga_lite/21.1/nios2eds/bin/gnu/h-x86_64-mingw32/bin/../lib/gcc/nios2-elf/11.2.1/../../../../../H-x86_64-mingw32/nios2-elf/lib\libsmallc.a(lib_a-impure.o)
 .debug_aranges
                0x0000000000000228       0x20 d:/Docs/Universidade/LogicaReconfiguravel/LogicaReconfiguravel/Lab04/Proj_Quartus/USERHW_NIOS/software/hal_bsp/\libhal_bsp.a(alt_exit.o)

.debug_pubnames
 *(.debug_pubnames)

.debug_info     0x0000000000000000     0x2823
 *(.debug_info .gnu.linkonce.wi.*)
 .debug_info    0x0000000000000000       0x26 d:/Docs/Universidade/LogicaReconfiguravel/LogicaReconfiguravel/Lab04/Proj_Quartus/USERHW_NIOS/software/hal_bsp//obj/HAL/src/crt0.o
 .debug_info    0x0000000000000026       0x9a obj/default/main.o
 .debug_info    0x00000000000000c0      0x121 d:/programfiles/intelfpga_lite/21.1/nios2eds/bin/gnu/h-x86_64-mingw32/bin/../lib/gcc/nios2-elf/11.2.1/../../../../../H-x86_64-mingw32/nios2-elf/lib\libsmallc.a(lib_a-memcpy.o)
 .debug_info    0x00000000000001e1      0x179 d:/Docs/Universidade/LogicaReconfiguravel/LogicaReconfiguravel/Lab04/Proj_Quartus/USERHW_NIOS/software/hal_bsp/\libhal_bsp.a(alt_main.o)
 .debug_info    0x000000000000035a       0xdb d:/Docs/Universidade/LogicaReconfiguravel/LogicaReconfiguravel/Lab04/Proj_Quartus/USERHW_NIOS/software/hal_bsp/\libhal_bsp.a(alt_sys_init.o)
 .debug_info    0x0000000000000435      0x32f d:/Docs/Universidade/LogicaReconfiguravel/LogicaReconfiguravel/Lab04/Proj_Quartus/USERHW_NIOS/software/hal_bsp/\libhal_bsp.a(alt_close.o)
 .debug_info    0x0000000000000764      0x567 d:/Docs/Universidade/LogicaReconfiguravel/LogicaReconfiguravel/Lab04/Proj_Quartus/USERHW_NIOS/software/hal_bsp/\libhal_bsp.a(alt_dev.o)
 .debug_info    0x0000000000000ccb       0x83 d:/Docs/Universidade/LogicaReconfiguravel/LogicaReconfiguravel/Lab04/Proj_Quartus/USERHW_NIOS/software/hal_bsp/\libhal_bsp.a(alt_do_ctors.o)
 .debug_info    0x0000000000000d4e       0x83 d:/Docs/Universidade/LogicaReconfiguravel/LogicaReconfiguravel/Lab04/Proj_Quartus/USERHW_NIOS/software/hal_bsp/\libhal_bsp.a(alt_do_dtors.o)
 .debug_info    0x0000000000000dd1       0xa8 d:/Docs/Universidade/LogicaReconfiguravel/LogicaReconfiguravel/Lab04/Proj_Quartus/USERHW_NIOS/software/hal_bsp/\libhal_bsp.a(alt_errno.o)
 .debug_info    0x0000000000000e79      0x2ac d:/Docs/Universidade/LogicaReconfiguravel/LogicaReconfiguravel/Lab04/Proj_Quartus/USERHW_NIOS/software/hal_bsp/\libhal_bsp.a(alt_release_fd.o)
 .debug_info    0x0000000000001125       0x8d d:/Docs/Universidade/LogicaReconfiguravel/LogicaReconfiguravel/Lab04/Proj_Quartus/USERHW_NIOS/software/hal_bsp/\libhal_bsp.a(altera_nios2_gen2_irq.o)
 .debug_info    0x00000000000011b2      0x118 d:/programfiles/intelfpga_lite/21.1/nios2eds/bin/gnu/h-x86_64-mingw32/bin/../lib/gcc/nios2-elf/11.2.1/../../../../../H-x86_64-mingw32/nios2-elf/lib\libsmallc.a(lib_a-atexit.o)
 .debug_info    0x00000000000012ca       0xf6 d:/programfiles/intelfpga_lite/21.1/nios2eds/bin/gnu/h-x86_64-mingw32/bin/../lib/gcc/nios2-elf/11.2.1/../../../../../H-x86_64-mingw32/nios2-elf/lib\libsmallc.a(lib_a-exit.o)
 .debug_info    0x00000000000013c0       0x85 d:/programfiles/intelfpga_lite/21.1/nios2eds/bin/gnu/h-x86_64-mingw32/bin/../lib/gcc/nios2-elf/11.2.1/../../../../../H-x86_64-mingw32/nios2-elf/lib\libsmallc.a(lib_a-int_errno.o)
 .debug_info    0x0000000000001445      0x6a2 d:/programfiles/intelfpga_lite/21.1/nios2eds/bin/gnu/h-x86_64-mingw32/bin/../lib/gcc/nios2-elf/11.2.1/../../../../../H-x86_64-mingw32/nios2-elf/lib\libsmallc.a(lib_a-__atexit.o)
 .debug_info    0x0000000000001ae7      0x68b d:/programfiles/intelfpga_lite/21.1/nios2eds/bin/gnu/h-x86_64-mingw32/bin/../lib/gcc/nios2-elf/11.2.1/../../../../../H-x86_64-mingw32/nios2-elf/lib\libsmallc.a(lib_a-__call_atexit.o)
 .debug_info    0x0000000000002172      0x5cf d:/programfiles/intelfpga_lite/21.1/nios2eds/bin/gnu/h-x86_64-mingw32/bin/../lib/gcc/nios2-elf/11.2.1/../../../../../H-x86_64-mingw32/nios2-elf/lib\libsmallc.a(lib_a-impure.o)
 .debug_info    0x0000000000002741       0xe2 d:/Docs/Universidade/LogicaReconfiguravel/LogicaReconfiguravel/Lab04/Proj_Quartus/USERHW_NIOS/software/hal_bsp/\libhal_bsp.a(alt_exit.o)

.debug_abbrev   0x0000000000000000     0x102b
 *(.debug_abbrev)
 .debug_abbrev  0x0000000000000000       0x14 d:/Docs/Universidade/LogicaReconfiguravel/LogicaReconfiguravel/Lab04/Proj_Quartus/USERHW_NIOS/software/hal_bsp//obj/HAL/src/crt0.o
 .debug_abbrev  0x0000000000000014       0x81 obj/default/main.o
 .debug_abbrev  0x0000000000000095       0xc1 d:/programfiles/intelfpga_lite/21.1/nios2eds/bin/gnu/h-x86_64-mingw32/bin/../lib/gcc/nios2-elf/11.2.1/../../../../../H-x86_64-mingw32/nios2-elf/lib\libsmallc.a(lib_a-memcpy.o)
 .debug_abbrev  0x0000000000000156       0xf3 d:/Docs/Universidade/LogicaReconfiguravel/LogicaReconfiguravel/Lab04/Proj_Quartus/USERHW_NIOS/software/hal_bsp/\libhal_bsp.a(alt_main.o)
 .debug_abbrev  0x0000000000000249       0xb2 d:/Docs/Universidade/LogicaReconfiguravel/LogicaReconfiguravel/Lab04/Proj_Quartus/USERHW_NIOS/software/hal_bsp/\libhal_bsp.a(alt_sys_init.o)
 .debug_abbrev  0x00000000000002fb      0x147 d:/Docs/Universidade/LogicaReconfiguravel/LogicaReconfiguravel/Lab04/Proj_Quartus/USERHW_NIOS/software/hal_bsp/\libhal_bsp.a(alt_close.o)
 .debug_abbrev  0x0000000000000442      0x11b d:/Docs/Universidade/LogicaReconfiguravel/LogicaReconfiguravel/Lab04/Proj_Quartus/USERHW_NIOS/software/hal_bsp/\libhal_bsp.a(alt_dev.o)
 .debug_abbrev  0x000000000000055d       0x83 d:/Docs/Universidade/LogicaReconfiguravel/LogicaReconfiguravel/Lab04/Proj_Quartus/USERHW_NIOS/software/hal_bsp/\libhal_bsp.a(alt_do_ctors.o)
 .debug_abbrev  0x00000000000005e0       0x83 d:/Docs/Universidade/LogicaReconfiguravel/LogicaReconfiguravel/Lab04/Proj_Quartus/USERHW_NIOS/software/hal_bsp/\libhal_bsp.a(alt_do_dtors.o)
 .debug_abbrev  0x0000000000000663       0x70 d:/Docs/Universidade/LogicaReconfiguravel/LogicaReconfiguravel/Lab04/Proj_Quartus/USERHW_NIOS/software/hal_bsp/\libhal_bsp.a(alt_errno.o)
 .debug_abbrev  0x00000000000006d3       0xea d:/Docs/Universidade/LogicaReconfiguravel/LogicaReconfiguravel/Lab04/Proj_Quartus/USERHW_NIOS/software/hal_bsp/\libhal_bsp.a(alt_release_fd.o)
 .debug_abbrev  0x00000000000007bd       0x43 d:/Docs/Universidade/LogicaReconfiguravel/LogicaReconfiguravel/Lab04/Proj_Quartus/USERHW_NIOS/software/hal_bsp/\libhal_bsp.a(altera_nios2_gen2_irq.o)
 .debug_abbrev  0x0000000000000800       0xc1 d:/programfiles/intelfpga_lite/21.1/nios2eds/bin/gnu/h-x86_64-mingw32/bin/../lib/gcc/nios2-elf/11.2.1/../../../../../H-x86_64-mingw32/nios2-elf/lib\libsmallc.a(lib_a-atexit.o)
 .debug_abbrev  0x00000000000008c1       0xb2 d:/programfiles/intelfpga_lite/21.1/nios2eds/bin/gnu/h-x86_64-mingw32/bin/../lib/gcc/nios2-elf/11.2.1/../../../../../H-x86_64-mingw32/nios2-elf/lib\libsmallc.a(lib_a-exit.o)
 .debug_abbrev  0x0000000000000973       0x39 d:/programfiles/intelfpga_lite/21.1/nios2eds/bin/gnu/h-x86_64-mingw32/bin/../lib/gcc/nios2-elf/11.2.1/../../../../../H-x86_64-mingw32/nios2-elf/lib\libsmallc.a(lib_a-int_errno.o)
 .debug_abbrev  0x00000000000009ac      0x23f d:/programfiles/intelfpga_lite/21.1/nios2eds/bin/gnu/h-x86_64-mingw32/bin/../lib/gcc/nios2-elf/11.2.1/../../../../../H-x86_64-mingw32/nios2-elf/lib\libsmallc.a(lib_a-__atexit.o)
 .debug_abbrev  0x0000000000000beb      0x210 d:/programfiles/intelfpga_lite/21.1/nios2eds/bin/gnu/h-x86_64-mingw32/bin/../lib/gcc/nios2-elf/11.2.1/../../../../../H-x86_64-mingw32/nios2-elf/lib\libsmallc.a(lib_a-__call_atexit.o)
 .debug_abbrev  0x0000000000000dfb      0x185 d:/programfiles/intelfpga_lite/21.1/nios2eds/bin/gnu/h-x86_64-mingw32/bin/../lib/gcc/nios2-elf/11.2.1/../../../../../H-x86_64-mingw32/nios2-elf/lib\libsmallc.a(lib_a-impure.o)
 .debug_abbrev  0x0000000000000f80       0xab d:/Docs/Universidade/LogicaReconfiguravel/LogicaReconfiguravel/Lab04/Proj_Quartus/USERHW_NIOS/software/hal_bsp/\libhal_bsp.a(alt_exit.o)

.debug_line     0x0000000000000000      0xabe
 *(.debug_line)
 .debug_line    0x0000000000000000       0x57 d:/Docs/Universidade/LogicaReconfiguravel/LogicaReconfiguravel/Lab04/Proj_Quartus/USERHW_NIOS/software/hal_bsp//obj/HAL/src/crt0.o
 .debug_line    0x0000000000000057       0x8c obj/default/main.o
 .debug_line    0x00000000000000e3       0x8c d:/programfiles/intelfpga_lite/21.1/nios2eds/bin/gnu/h-x86_64-mingw32/bin/../lib/gcc/nios2-elf/11.2.1/../../../../../H-x86_64-mingw32/nios2-elf/lib\libsmallc.a(lib_a-memcpy.o)
 .debug_line    0x000000000000016f       0x8c d:/Docs/Universidade/LogicaReconfiguravel/LogicaReconfiguravel/Lab04/Proj_Quartus/USERHW_NIOS/software/hal_bsp/\libhal_bsp.a(alt_main.o)
 .debug_line    0x00000000000001fb       0x70 d:/Docs/Universidade/LogicaReconfiguravel/LogicaReconfiguravel/Lab04/Proj_Quartus/USERHW_NIOS/software/hal_bsp/\libhal_bsp.a(alt_sys_init.o)
 .debug_line    0x000000000000026b      0x116 d:/Docs/Universidade/LogicaReconfiguravel/LogicaReconfiguravel/Lab04/Proj_Quartus/USERHW_NIOS/software/hal_bsp/\libhal_bsp.a(alt_close.o)
 .debug_line    0x0000000000000381       0x99 d:/Docs/Universidade/LogicaReconfiguravel/LogicaReconfiguravel/Lab04/Proj_Quartus/USERHW_NIOS/software/hal_bsp/\libhal_bsp.a(alt_dev.o)
 .debug_line    0x000000000000041a       0x69 d:/Docs/Universidade/LogicaReconfiguravel/LogicaReconfiguravel/Lab04/Proj_Quartus/USERHW_NIOS/software/hal_bsp/\libhal_bsp.a(alt_do_ctors.o)
 .debug_line    0x0000000000000483       0x69 d:/Docs/Universidade/LogicaReconfiguravel/LogicaReconfiguravel/Lab04/Proj_Quartus/USERHW_NIOS/software/hal_bsp/\libhal_bsp.a(alt_do_dtors.o)
 .debug_line    0x00000000000004ec       0x4c d:/Docs/Universidade/LogicaReconfiguravel/LogicaReconfiguravel/Lab04/Proj_Quartus/USERHW_NIOS/software/hal_bsp/\libhal_bsp.a(alt_errno.o)
 .debug_line    0x0000000000000538       0x77 d:/Docs/Universidade/LogicaReconfiguravel/LogicaReconfiguravel/Lab04/Proj_Quartus/USERHW_NIOS/software/hal_bsp/\libhal_bsp.a(alt_release_fd.o)
 .debug_line    0x00000000000005af       0x51 d:/Docs/Universidade/LogicaReconfiguravel/LogicaReconfiguravel/Lab04/Proj_Quartus/USERHW_NIOS/software/hal_bsp/\libhal_bsp.a(altera_nios2_gen2_irq.o)
 .debug_line    0x0000000000000600       0x65 d:/programfiles/intelfpga_lite/21.1/nios2eds/bin/gnu/h-x86_64-mingw32/bin/../lib/gcc/nios2-elf/11.2.1/../../../../../H-x86_64-mingw32/nios2-elf/lib\libsmallc.a(lib_a-atexit.o)
 .debug_line    0x0000000000000665       0x7b d:/programfiles/intelfpga_lite/21.1/nios2eds/bin/gnu/h-x86_64-mingw32/bin/../lib/gcc/nios2-elf/11.2.1/../../../../../H-x86_64-mingw32/nios2-elf/lib\libsmallc.a(lib_a-exit.o)
 .debug_line    0x00000000000006e0       0x3a d:/programfiles/intelfpga_lite/21.1/nios2eds/bin/gnu/h-x86_64-mingw32/bin/../lib/gcc/nios2-elf/11.2.1/../../../../../H-x86_64-mingw32/nios2-elf/lib\libsmallc.a(lib_a-int_errno.o)
 .debug_line    0x000000000000071a      0x166 d:/programfiles/intelfpga_lite/21.1/nios2eds/bin/gnu/h-x86_64-mingw32/bin/../lib/gcc/nios2-elf/11.2.1/../../../../../H-x86_64-mingw32/nios2-elf/lib\libsmallc.a(lib_a-__atexit.o)
 .debug_line    0x0000000000000880      0x173 d:/programfiles/intelfpga_lite/21.1/nios2eds/bin/gnu/h-x86_64-mingw32/bin/../lib/gcc/nios2-elf/11.2.1/../../../../../H-x86_64-mingw32/nios2-elf/lib\libsmallc.a(lib_a-__call_atexit.o)
 .debug_line    0x00000000000009f3       0x51 d:/programfiles/intelfpga_lite/21.1/nios2eds/bin/gnu/h-x86_64-mingw32/bin/../lib/gcc/nios2-elf/11.2.1/../../../../../H-x86_64-mingw32/nios2-elf/lib\libsmallc.a(lib_a-impure.o)
 .debug_line    0x0000000000000a44       0x7a d:/Docs/Universidade/LogicaReconfiguravel/LogicaReconfiguravel/Lab04/Proj_Quartus/USERHW_NIOS/software/hal_bsp/\libhal_bsp.a(alt_exit.o)

.debug_frame    0x0000000000000000      0x35c
 *(.debug_frame)
 .debug_frame   0x0000000000000000       0x38 obj/default/main.o
 .debug_frame   0x0000000000000038       0x20 d:/programfiles/intelfpga_lite/21.1/nios2eds/bin/gnu/h-x86_64-mingw32/bin/../lib/gcc/nios2-elf/11.2.1/../../../../../H-x86_64-mingw32/nios2-elf/lib\libsmallc.a(lib_a-memcpy.o)
 .debug_frame   0x0000000000000058       0x2c d:/Docs/Universidade/LogicaReconfiguravel/LogicaReconfiguravel/Lab04/Proj_Quartus/USERHW_NIOS/software/hal_bsp/\libhal_bsp.a(alt_main.o)
 .debug_frame   0x0000000000000084       0x5c d:/Docs/Universidade/LogicaReconfiguravel/LogicaReconfiguravel/Lab04/Proj_Quartus/USERHW_NIOS/software/hal_bsp/\libhal_bsp.a(alt_sys_init.o)
 .debug_frame   0x00000000000000e0       0x60 d:/Docs/Universidade/LogicaReconfiguravel/LogicaReconfiguravel/Lab04/Proj_Quartus/USERHW_NIOS/software/hal_bsp/\libhal_bsp.a(alt_close.o)
 .debug_frame   0x0000000000000140       0x34 d:/Docs/Universidade/LogicaReconfiguravel/LogicaReconfiguravel/Lab04/Proj_Quartus/USERHW_NIOS/software/hal_bsp/\libhal_bsp.a(alt_dev.o)
 .debug_frame   0x0000000000000174       0x38 d:/Docs/Universidade/LogicaReconfiguravel/LogicaReconfiguravel/Lab04/Proj_Quartus/USERHW_NIOS/software/hal_bsp/\libhal_bsp.a(alt_do_ctors.o)
 .debug_frame   0x00000000000001ac       0x38 d:/Docs/Universidade/LogicaReconfiguravel/LogicaReconfiguravel/Lab04/Proj_Quartus/USERHW_NIOS/software/hal_bsp/\libhal_bsp.a(alt_do_dtors.o)
 .debug_frame   0x00000000000001e4       0x34 d:/Docs/Universidade/LogicaReconfiguravel/LogicaReconfiguravel/Lab04/Proj_Quartus/USERHW_NIOS/software/hal_bsp/\libhal_bsp.a(alt_release_fd.o)
 .debug_frame   0x0000000000000218       0x34 d:/Docs/Universidade/LogicaReconfiguravel/LogicaReconfiguravel/Lab04/Proj_Quartus/USERHW_NIOS/software/hal_bsp/\libhal_bsp.a(altera_nios2_gen2_irq.o)
 .debug_frame   0x000000000000024c       0x20 d:/programfiles/intelfpga_lite/21.1/nios2eds/bin/gnu/h-x86_64-mingw32/bin/../lib/gcc/nios2-elf/11.2.1/../../../../../H-x86_64-mingw32/nios2-elf/lib\libsmallc.a(lib_a-atexit.o)
 .debug_frame   0x000000000000026c       0x28 d:/programfiles/intelfpga_lite/21.1/nios2eds/bin/gnu/h-x86_64-mingw32/bin/../lib/gcc/nios2-elf/11.2.1/../../../../../H-x86_64-mingw32/nios2-elf/lib\libsmallc.a(lib_a-exit.o)
 .debug_frame   0x0000000000000294       0x48 d:/programfiles/intelfpga_lite/21.1/nios2eds/bin/gnu/h-x86_64-mingw32/bin/../lib/gcc/nios2-elf/11.2.1/../../../../../H-x86_64-mingw32/nios2-elf/lib\libsmallc.a(lib_a-__atexit.o)
 .debug_frame   0x00000000000002dc       0x54 d:/programfiles/intelfpga_lite/21.1/nios2eds/bin/gnu/h-x86_64-mingw32/bin/../lib/gcc/nios2-elf/11.2.1/../../../../../H-x86_64-mingw32/nios2-elf/lib\libsmallc.a(lib_a-__call_atexit.o)
 .debug_frame   0x0000000000000330       0x2c d:/Docs/Universidade/LogicaReconfiguravel/LogicaReconfiguravel/Lab04/Proj_Quartus/USERHW_NIOS/software/hal_bsp/\libhal_bsp.a(alt_exit.o)

.debug_str      0x0000000000000000      0x81c
 *(.debug_str)
 .debug_str     0x0000000000000000       0x8d d:/Docs/Universidade/LogicaReconfiguravel/LogicaReconfiguravel/Lab04/Proj_Quartus/USERHW_NIOS/software/hal_bsp//obj/HAL/src/crt0.o
 .debug_str     0x000000000000008d       0x55 obj/default/main.o
                                         0x72 (size before relaxing)
 .debug_str     0x00000000000000e2       0xc9 d:/programfiles/intelfpga_lite/21.1/nios2eds/bin/gnu/h-x86_64-mingw32/bin/../lib/gcc/nios2-elf/11.2.1/../../../../../H-x86_64-mingw32/nios2-elf/lib\libsmallc.a(lib_a-memcpy.o)
                                        0x109 (size before relaxing)
 .debug_str     0x00000000000001ab       0x65 d:/Docs/Universidade/LogicaReconfiguravel/LogicaReconfiguravel/Lab04/Proj_Quartus/USERHW_NIOS/software/hal_bsp/\libhal_bsp.a(alt_main.o)
                                        0x162 (size before relaxing)
 .debug_str     0x0000000000000210       0x3e d:/Docs/Universidade/LogicaReconfiguravel/LogicaReconfiguravel/Lab04/Proj_Quartus/USERHW_NIOS/software/hal_bsp/\libhal_bsp.a(alt_sys_init.o)
                                        0x13d (size before relaxing)
 .debug_str     0x000000000000024e       0xb6 d:/Docs/Universidade/LogicaReconfiguravel/LogicaReconfiguravel/Lab04/Proj_Quartus/USERHW_NIOS/software/hal_bsp/\libhal_bsp.a(alt_close.o)
                                        0x1bd (size before relaxing)
 .debug_str     0x0000000000000304      0x14b d:/Docs/Universidade/LogicaReconfiguravel/LogicaReconfiguravel/Lab04/Proj_Quartus/USERHW_NIOS/software/hal_bsp/\libhal_bsp.a(alt_dev.o)
                                        0x316 (size before relaxing)
 .debug_str     0x000000000000044f       0x27 d:/Docs/Universidade/LogicaReconfiguravel/LogicaReconfiguravel/Lab04/Proj_Quartus/USERHW_NIOS/software/hal_bsp/\libhal_bsp.a(alt_do_ctors.o)
                                         0x86 (size before relaxing)
 .debug_str     0x0000000000000476       0x2b d:/Docs/Universidade/LogicaReconfiguravel/LogicaReconfiguravel/Lab04/Proj_Quartus/USERHW_NIOS/software/hal_bsp/\libhal_bsp.a(alt_do_dtors.o)
                                         0x85 (size before relaxing)
 .debug_str     0x00000000000004a1        0x8 d:/Docs/Universidade/LogicaReconfiguravel/LogicaReconfiguravel/Lab04/Proj_Quartus/USERHW_NIOS/software/hal_bsp/\libhal_bsp.a(alt_errno.o)
                                         0xf7 (size before relaxing)
 .debug_str     0x00000000000004a9      0x17a d:/Docs/Universidade/LogicaReconfiguravel/LogicaReconfiguravel/Lab04/Proj_Quartus/USERHW_NIOS/software/hal_bsp/\libhal_bsp.a(alt_release_fd.o)
 .debug_str     0x00000000000004a9      0x100 d:/Docs/Universidade/LogicaReconfiguravel/LogicaReconfiguravel/Lab04/Proj_Quartus/USERHW_NIOS/software/hal_bsp/\libhal_bsp.a(altera_nios2_gen2_irq.o)
 .debug_str     0x00000000000004a9       0x44 d:/programfiles/intelfpga_lite/21.1/nios2eds/bin/gnu/h-x86_64-mingw32/bin/../lib/gcc/nios2-elf/11.2.1/../../../../../H-x86_64-mingw32/nios2-elf/lib\libsmallc.a(lib_a-atexit.o)
                                        0x132 (size before relaxing)
 .debug_str     0x00000000000004ed       0x17 d:/programfiles/intelfpga_lite/21.1/nios2eds/bin/gnu/h-x86_64-mingw32/bin/../lib/gcc/nios2-elf/11.2.1/../../../../../H-x86_64-mingw32/nios2-elf/lib\libsmallc.a(lib_a-exit.o)
                                        0x108 (size before relaxing)
 .debug_str     0x0000000000000504       0xed d:/programfiles/intelfpga_lite/21.1/nios2eds/bin/gnu/h-x86_64-mingw32/bin/../lib/gcc/nios2-elf/11.2.1/../../../../../H-x86_64-mingw32/nios2-elf/lib\libsmallc.a(lib_a-int_errno.o)
 .debug_str     0x0000000000000504      0x2ce d:/programfiles/intelfpga_lite/21.1/nios2eds/bin/gnu/h-x86_64-mingw32/bin/../lib/gcc/nios2-elf/11.2.1/../../../../../H-x86_64-mingw32/nios2-elf/lib\libsmallc.a(lib_a-__atexit.o)
                                        0x43c (size before relaxing)
 .debug_str     0x00000000000007d2       0x27 d:/programfiles/intelfpga_lite/21.1/nios2eds/bin/gnu/h-x86_64-mingw32/bin/../lib/gcc/nios2-elf/11.2.1/../../../../../H-x86_64-mingw32/nios2-elf/lib\libsmallc.a(lib_a-__call_atexit.o)
                                        0x413 (size before relaxing)
 .debug_str     0x00000000000007f9        0xc d:/programfiles/intelfpga_lite/21.1/nios2eds/bin/gnu/h-x86_64-mingw32/bin/../lib/gcc/nios2-elf/11.2.1/../../../../../H-x86_64-mingw32/nios2-elf/lib\libsmallc.a(lib_a-impure.o)
                                        0x3e9 (size before relaxing)
 .debug_str     0x0000000000000805       0x17 d:/Docs/Universidade/LogicaReconfiguravel/LogicaReconfiguravel/Lab04/Proj_Quartus/USERHW_NIOS/software/hal_bsp/\libhal_bsp.a(alt_exit.o)
                                        0x102 (size before relaxing)

.debug_loc
 *(.debug_loc)

.debug_macinfo
 *(.debug_macinfo)

.debug_weaknames
 *(.debug_weaknames)

.debug_funcnames
 *(.debug_funcnames)

.debug_typenames
 *(.debug_typenames)

.debug_varnames
 *(.debug_varnames)

.debug_alt_sim_info
                0x0000000000000000       0x20
 *(.debug_alt_sim_info)
 .debug_alt_sim_info
                0x0000000000000000       0x20 d:/Docs/Universidade/LogicaReconfiguravel/LogicaReconfiguravel/Lab04/Proj_Quartus/USERHW_NIOS/software/hal_bsp//obj/HAL/src/crt0.o
                0x0000000000005ff4                __alt_data_end = 0x5ff4
                0x0000000000005ff4                PROVIDE (__alt_stack_pointer = __alt_data_end)
                [!provide]                        PROVIDE (__alt_stack_limit = __alt_stack_base)
                [!provide]                        PROVIDE (__alt_heap_start = end)
                [!provide]                        PROVIDE (__alt_heap_limit = 0x5ff4)
OUTPUT(USERHW_NIOS_APP.elf elf32-littlenios2)
LOAD linker stubs

.debug_line_str
                0x0000000000000000      0x909
 .debug_line_str
                0x0000000000000000       0x77 obj/default/main.o
                                        0x103 (size before relaxing)
 .debug_line_str
                0x0000000000000077      0x1e4 d:/programfiles/intelfpga_lite/21.1/nios2eds/bin/gnu/h-x86_64-mingw32/bin/../lib/gcc/nios2-elf/11.2.1/../../../../../H-x86_64-mingw32/nios2-elf/lib\libsmallc.a(lib_a-memcpy.o)
                                        0x2b4 (size before relaxing)
 .debug_line_str
                0x000000000000025b      0x195 d:/Docs/Universidade/LogicaReconfiguravel/LogicaReconfiguravel/Lab04/Proj_Quartus/USERHW_NIOS/software/hal_bsp/\libhal_bsp.a(alt_main.o)
                                        0x222 (size before relaxing)
 .debug_line_str
                0x00000000000003f0       0x31 d:/Docs/Universidade/LogicaReconfiguravel/LogicaReconfiguravel/Lab04/Proj_Quartus/USERHW_NIOS/software/hal_bsp/\libhal_bsp.a(alt_sys_init.o)
                                        0x145 (size before relaxing)
 .debug_line_str
                0x0000000000000421       0x4d d:/Docs/Universidade/LogicaReconfiguravel/LogicaReconfiguravel/Lab04/Proj_Quartus/USERHW_NIOS/software/hal_bsp/\libhal_bsp.a(alt_close.o)
                                        0x1df (size before relaxing)
 .debug_line_str
                0x000000000000046e       0xa1 d:/Docs/Universidade/LogicaReconfiguravel/LogicaReconfiguravel/Lab04/Proj_Quartus/USERHW_NIOS/software/hal_bsp/\libhal_bsp.a(alt_dev.o)
                                        0x264 (size before relaxing)
 .debug_line_str
                0x000000000000050f       0x17 d:/Docs/Universidade/LogicaReconfiguravel/LogicaReconfiguravel/Lab04/Proj_Quartus/USERHW_NIOS/software/hal_bsp/\libhal_bsp.a(alt_do_ctors.o)
                                        0x123 (size before relaxing)
 .debug_line_str
                0x0000000000000526       0x17 d:/Docs/Universidade/LogicaReconfiguravel/LogicaReconfiguravel/Lab04/Proj_Quartus/USERHW_NIOS/software/hal_bsp/\libhal_bsp.a(alt_do_dtors.o)
                                        0x123 (size before relaxing)
 .debug_line_str
                0x000000000000053d       0x14 d:/Docs/Universidade/LogicaReconfiguravel/LogicaReconfiguravel/Lab04/Proj_Quartus/USERHW_NIOS/software/hal_bsp/\libhal_bsp.a(alt_errno.o)
                                        0x198 (size before relaxing)
 .debug_line_str
                0x0000000000000551       0x19 d:/Docs/Universidade/LogicaReconfiguravel/LogicaReconfiguravel/Lab04/Proj_Quartus/USERHW_NIOS/software/hal_bsp/\libhal_bsp.a(alt_release_fd.o)
                                        0x17d (size before relaxing)
 .debug_line_str
                0x000000000000056a       0x20 d:/Docs/Universidade/LogicaReconfiguravel/LogicaReconfiguravel/Lab04/Proj_Quartus/USERHW_NIOS/software/hal_bsp/\libhal_bsp.a(altera_nios2_gen2_irq.o)
                                        0x13e (size before relaxing)
 .debug_line_str
                0x000000000000058a      0x103 d:/programfiles/intelfpga_lite/21.1/nios2eds/bin/gnu/h-x86_64-mingw32/bin/../lib/gcc/nios2-elf/11.2.1/../../../../../H-x86_64-mingw32/nios2-elf/lib\libsmallc.a(lib_a-atexit.o)
                                        0x23f (size before relaxing)
 .debug_line_str
                0x000000000000068d       0xa1 d:/programfiles/intelfpga_lite/21.1/nios2eds/bin/gnu/h-x86_64-mingw32/bin/../lib/gcc/nios2-elf/11.2.1/../../../../../H-x86_64-mingw32/nios2-elf/lib\libsmallc.a(lib_a-exit.o)
                                        0x2a9 (size before relaxing)
 .debug_line_str
                0x000000000000072e       0xfa d:/programfiles/intelfpga_lite/21.1/nios2eds/bin/gnu/h-x86_64-mingw32/bin/../lib/gcc/nios2-elf/11.2.1/../../../../../H-x86_64-mingw32/nios2-elf/lib\libsmallc.a(lib_a-int_errno.o)
                                        0x1ce (size before relaxing)
 .debug_line_str
                0x0000000000000828       0x46 d:/programfiles/intelfpga_lite/21.1/nios2eds/bin/gnu/h-x86_64-mingw32/bin/../lib/gcc/nios2-elf/11.2.1/../../../../../H-x86_64-mingw32/nios2-elf/lib\libsmallc.a(lib_a-__atexit.o)
                                        0x33b (size before relaxing)
 .debug_line_str
                0x000000000000086e       0x43 d:/programfiles/intelfpga_lite/21.1/nios2eds/bin/gnu/h-x86_64-mingw32/bin/../lib/gcc/nios2-elf/11.2.1/../../../../../H-x86_64-mingw32/nios2-elf/lib\libsmallc.a(lib_a-__call_atexit.o)
                                        0x2d5 (size before relaxing)
 .debug_line_str
                0x00000000000008b1       0x3b d:/programfiles/intelfpga_lite/21.1/nios2eds/bin/gnu/h-x86_64-mingw32/bin/../lib/gcc/nios2-elf/11.2.1/../../../../../H-x86_64-mingw32/nios2-elf/lib\libsmallc.a(lib_a-impure.o)
                                        0x2bb (size before relaxing)
 .debug_line_str
                0x00000000000008ec       0x1d d:/Docs/Universidade/LogicaReconfiguravel/LogicaReconfiguravel/Lab04/Proj_Quartus/USERHW_NIOS/software/hal_bsp/\libhal_bsp.a(alt_exit.o)
                                        0x12f (size before relaxing)

.debug_loclists
                0x0000000000000000      0x332
 .debug_loclists
                0x0000000000000000       0xcc d:/programfiles/intelfpga_lite/21.1/nios2eds/bin/gnu/h-x86_64-mingw32/bin/../lib/gcc/nios2-elf/11.2.1/../../../../../H-x86_64-mingw32/nios2-elf/lib\libsmallc.a(lib_a-memcpy.o)
 .debug_loclists
                0x00000000000000cc       0x2a d:/programfiles/intelfpga_lite/21.1/nios2eds/bin/gnu/h-x86_64-mingw32/bin/../lib/gcc/nios2-elf/11.2.1/../../../../../H-x86_64-mingw32/nios2-elf/lib\libsmallc.a(lib_a-atexit.o)
 .debug_loclists
                0x00000000000000f6       0x20 d:/programfiles/intelfpga_lite/21.1/nios2eds/bin/gnu/h-x86_64-mingw32/bin/../lib/gcc/nios2-elf/11.2.1/../../../../../H-x86_64-mingw32/nios2-elf/lib\libsmallc.a(lib_a-exit.o)
 .debug_loclists
                0x0000000000000116      0x111 d:/programfiles/intelfpga_lite/21.1/nios2eds/bin/gnu/h-x86_64-mingw32/bin/../lib/gcc/nios2-elf/11.2.1/../../../../../H-x86_64-mingw32/nios2-elf/lib\libsmallc.a(lib_a-__atexit.o)
 .debug_loclists
                0x0000000000000227      0x10b d:/programfiles/intelfpga_lite/21.1/nios2eds/bin/gnu/h-x86_64-mingw32/bin/../lib/gcc/nios2-elf/11.2.1/../../../../../H-x86_64-mingw32/nios2-elf/lib\libsmallc.a(lib_a-__call_atexit.o)

.debug_rnglists
                0x0000000000000000       0x6e
 .debug_rnglists
                0x0000000000000000       0x13 d:/programfiles/intelfpga_lite/21.1/nios2eds/bin/gnu/h-x86_64-mingw32/bin/../lib/gcc/nios2-elf/11.2.1/../../../../../H-x86_64-mingw32/nios2-elf/lib\libsmallc.a(lib_a-memcpy.o)
 .debug_rnglists
                0x0000000000000013       0x13 d:/programfiles/intelfpga_lite/21.1/nios2eds/bin/gnu/h-x86_64-mingw32/bin/../lib/gcc/nios2-elf/11.2.1/../../../../../H-x86_64-mingw32/nios2-elf/lib\libsmallc.a(lib_a-atexit.o)
 .debug_rnglists
                0x0000000000000026       0x13 d:/programfiles/intelfpga_lite/21.1/nios2eds/bin/gnu/h-x86_64-mingw32/bin/../lib/gcc/nios2-elf/11.2.1/../../../../../H-x86_64-mingw32/nios2-elf/lib\libsmallc.a(lib_a-exit.o)
 .debug_rnglists
                0x0000000000000039       0x14 d:/programfiles/intelfpga_lite/21.1/nios2eds/bin/gnu/h-x86_64-mingw32/bin/../lib/gcc/nios2-elf/11.2.1/../../../../../H-x86_64-mingw32/nios2-elf/lib\libsmallc.a(lib_a-__atexit.o)
 .debug_rnglists
                0x000000000000004d       0x21 d:/programfiles/intelfpga_lite/21.1/nios2eds/bin/gnu/h-x86_64-mingw32/bin/../lib/gcc/nios2-elf/11.2.1/../../../../../H-x86_64-mingw32/nios2-elf/lib\libsmallc.a(lib_a-__call_atexit.o)
